{
  "references": [
    {
      "name": "bb554f53ad8d3a2a2ae4cbd7102a3e20ae00b558",
      "digest": "dummyManifestDigestEnvoy"
    }
  ]
}
