{
  "references": [
    {
      "name": "ref3",
      "digest": "dummyManifestDigestNewFoo"
    }
  ]
}
