{
  "references": [
    {
      "name": "38260ee45796b420276ac925d826ecec8fc3e9a8",
      "digest": "dummyManifestDigestEnvoyPGV"
    }
  ]
}
