{
  "references": [
    {
      "name": "ref4",
      "digest": "dummyManifestDigestNewBar"
    }
  ]
}
