{
  "references": [
    {
      "name": "bb554f53ad8d3a2a2ae4cbd7102a3e20ae00b558",
      "digest": "dummyManifestDigestEnvoy"
    },{
      "name": "7850b6bb6494e3bfc093b1aff20282ab30b67940",
      "digest": "updatedDummyManifestDigestEnvoy"
    }
  ]
}
